ASxxxx Linker V03.00/V05.40 + sdld,  page 1.
Hexadecimal  [32-Bits]

Area                                    Addr        Size        Decimal Bytes (Attributes)
--------------------------------        ----        ----        ------- ----- ------------
.  .ABS.                            00000000    00000000 =           0. bytes (ABS,CON)

      Value  Global                              Global Defined In Module
      -----  --------------------------------   ------------------------
     00000000  .__.ABS.                           
     00000000  _rRAMG                             
     00000000  l__BASE                         
     00000000  l__BSS                          
     00000000  l__CABS                         
     00000000  l__CODE_0                       
     00000000  l__CRASH_HEADER                 
     00000000  l__CRASH_SCRATCH                
     00000000  l__DABS                         
     00000000  l__HEADER                       
     00000000  l__HEADER_LCD                   
     00000000  l__HEADER_SIO                   
     00000000  l__HEADER_TIMER                 
     00000000  l__HEAP                         
     00000000  l__HEAP_END                     
     00000000  l__HRAM                         
     00000000  l__LIT                          
     00000000  s__CABS                         
     00000000  s__CRASH_HEADER                 
     00000000  s__CRASH_HEADER0                
     00000000  s__CRASH_HEADER1                
     00000000  s__CRASH_SCRATCH                
     00000000  s__CRASH_SCRATCH2               
     00000000  s__DABS                         
     00000000  s__HEADER                       
     00000000  s__HEADER0                      
     00000000  s__HEADER1                      
     00000000  s__HEADER10                     
     00000000  s__HEADER11                     
     00000000  s__HEADER2                      
     00000000  s__HEADER3                      
     00000000  s__HEADER4                      
     00000000  s__HEADER5                      
     00000000  s__HEADER6                      
     00000000  s__HEADER7                      
     00000000  s__HEADER8                      
     00000000  s__HEADER9                      
     00000000  s__HEADER_LCD                   
     00000000  s__HEADER_LCD0                  
     00000000  s__HEADER_SIO                   
     00000000  s__HEADER_SIO0                  
     00000000  s__HEADER_TIMER                 
     00000000  s__HEADER_TIMER0                
     00000000  s__HEADERa                      
     00000000  s__HEADERb                      
     00000000  s__HEADERc                      
     00000000  s__HEADERd                      
     00000000  s__HEADERe                      
     00000000  s__HEADERf                      
     00000000  s__HRAM                         
ASxxxx Linker V03.00/V05.40 + sdld,  page 2.
Hexadecimal  [32-Bits]

Area                                    Addr        Size        Decimal Bytes (Attributes)
--------------------------------        ----        ----        ------- ----- ------------
.  .ABS.                            00000000    00000000 =           0. bytes (ABS,CON)

      Value  Global                              Global Defined In Module
      -----  --------------------------------   ------------------------
     00000000  s__HRAM12                       
     00000001  ___bank_VM_SGB                     vm_sgb
     00000001  ___bank_song_bossoption1_Data      song_bossoption1_Data
     00000001  ___bank_song_tension_Data          song_tension_Data
     00000001  b_fade_applypalettechange          fade_manager
     00000001  b_fade_in                          fade_manager
     00000001  b_fade_in_modal                    fade_manager
     00000001  b_fade_init                        fade_manager
     00000001  b_fade_out                         fade_manager
     00000001  b_fade_out_modal                   fade_manager
     00000001  b_fade_setspeed                    fade_manager
     00000001  b_fade_update                      fade_manager
     00000001  b_logo_init                        logo
     00000001  b_logo_update                      logo
     00000001  b_ui_draw_frame                    ui
     00000001  b_ui_draw_text_buffer_char         ui
     00000001  b_ui_init                          ui
     00000001  b_ui_load_tiles                    ui
     00000001  b_ui_run_menu                      ui
     00000001  b_ui_run_modal                     ui
     00000001  b_ui_set_start_tile                ui
     00000001  l__GSFINAL                      
     00000001  l__HEADER0                      
     00000001  l__HEADER5                      
     00000001  l__HEADERa                      
     00000001  l__HEADERb                      
     00000001  l__HEADERc                      
     00000001  l__HEADERe                      
     00000001  l__HEADERf                      
     00000002  ___bank_ACTOR                      actor
     00000002  ___bank_VM_ACTOR                   vm_actor
     00000002  ___bank_scene_7_sprites            scene_7_sprites
     00000002  ___bank_song_theme_Data            song_theme_Data
     00000002  ___bank_sprite_plant_pot_tileset   sprite_plant_pot_tileset
     00000002  b_activate_actor                   actor
     00000002  b_activate_actors_in_col           actor
     00000002  b_activate_actors_in_row           actor
     00000002  b_actor_at_tile                    actor
     00000002  b_actor_get_frame_offset           actor
     00000002  b_actor_in_front_of_player         actor
     00000002  b_actor_overlapping_bb             actor
     00000002  b_actor_overlapping_player         actor
     00000002  b_actor_set_anim_idle              actor
     00000002  b_actor_set_anim_moving            actor
     00000002  b_actor_set_dir                    actor
     00000002  b_actor_set_frame_offset           actor
     00000002  b_actor_set_frames                 actor
     00000002  b_actors_handle_player_collision   actor
     00000002  b_actors_init                      actor
     00000002  b_check_collision_in_direction     actor
     00000002  b_deactivate_actor                 actor
ASxxxx Linker V03.00/V05.40 + sdld,  page 3.
Hexadecimal  [32-Bits]

Area                                    Addr        Size        Decimal Bytes (Attributes)
--------------------------------        ----        ----        ------- ----- ------------
.  .ABS.                            00000000    00000000 =           0. bytes (ABS,CON)

      Value  Global                              Global Defined In Module
      -----  --------------------------------   ------------------------
     00000002  b_player_init                      actor
     00000002  b_vm_actor_activate                vm_actor
     00000002  b_vm_actor_begin_update            vm_actor
     00000002  b_vm_actor_deactivate              vm_actor
     00000002  b_vm_actor_emote                   vm_actor
     00000002  b_vm_actor_get_angle               vm_actor
     00000002  b_vm_actor_get_anim_frame          vm_actor
     00000002  b_vm_actor_get_dir                 vm_actor
     00000002  b_vm_actor_get_pos                 vm_actor
     00000002  b_vm_actor_move_cancel             vm_actor
     00000002  b_vm_actor_move_to                 vm_actor
     00000002  b_vm_actor_replace_tile            vm_actor
     00000002  b_vm_actor_set_anim                vm_actor
     00000002  b_vm_actor_set_anim_frame          vm_actor
     00000002  b_vm_actor_set_anim_set            vm_actor
     00000002  b_vm_actor_set_anim_tick           vm_actor
     00000002  b_vm_actor_set_bounds              vm_actor
     00000002  b_vm_actor_set_dir                 vm_actor
     00000002  b_vm_actor_set_flags               vm_actor
     00000002  b_vm_actor_set_move_speed          vm_actor
     00000002  b_vm_actor_set_pos                 vm_actor
     00000002  b_vm_actor_set_spritesheet         vm_actor
     00000002  b_vm_actor_set_spritesheet_by_re   vm_actor
     00000002  b_vm_actor_terminate_update        vm_actor
     00000002  l__HEADER10                     
     00000002  l__HEADER6                      
     00000002  l__HEADERd                      
     00000003  ___bank_VM_MAIN                    vm
     00000003  ___bank_VM_UI                      vm_ui
     00000003  ___bank_cursor_image               cursor_image
     00000003  ___bank_font_gbs_variable_width    font_gbs_variable_width
     00000003  ___bank_scene_3_init               scene_3_init
     00000003  ___bank_script_input_0             script_input_0
     00000003  ___bank_trigger_5_interact         trigger_5_interact
     00000003  b_do_load_palette                  data_manager
     00000003  b_load_background                  data_manager
     00000003  b_load_bkg_tileset                 data_manager
     00000003  b_load_bounds                      data_manager
     00000003  b_load_emote                       data_manager
     00000003  b_load_init                        data_manager
     00000003  b_load_player                      data_manager
     00000003  b_load_scene                       data_manager
     00000003  b_load_sprite                      data_manager
     00000003  b_script_detach_hthread            vm
     00000003  b_script_execute                   vm
     00000003  b_script_runner_init               vm
     00000003  b_script_terminate                 vm
     00000003  b_scroll_init                      scroll
     00000003  b_scroll_repaint                   scroll
     00000003  b_scroll_reset                     scroll
     00000003  b_scroll_update                    scroll
ASxxxx Linker V03.00/V05.40 + sdld,  page 4.
Hexadecimal  [32-Bits]

Area                                    Addr        Size        Decimal Bytes (Attributes)
--------------------------------        ----        ----        ------- ----- ------------
.  .ABS.                            00000000    00000000 =           0. bytes (ABS,CON)

      Value  Global                              Global Defined In Module
      -----  --------------------------------   ------------------------
     00000003  b_vm_call                          vm
     00000003  b_vm_call_far                      vm
     00000003  b_vm_choice                        vm_ui
     00000003  b_vm_display_text                  vm_ui
     00000003  b_vm_get_indirect                  vm
     00000003  b_vm_get_tlocal                    vm
     00000003  b_vm_idle                          vm
     00000003  b_vm_if                            vm
     00000003  b_vm_if_const                      vm
     00000003  b_vm_init_rng                      vm
     00000003  b_vm_invoke                        vm
     00000003  b_vm_join                          vm
     00000003  b_vm_jump                          vm
     00000003  b_vm_lock                          vm
     00000003  b_vm_loop                          vm
     00000003  b_vm_memcpy                        vm
     00000003  b_vm_memset                        vm
     00000003  b_vm_overlay_clear                 vm_ui
     00000003  b_vm_overlay_move_to               vm_ui
     00000003  b_vm_overlay_scroll                vm_ui
     00000003  b_vm_overlay_set_map               vm_ui
     00000003  b_vm_overlay_set_scroll            vm_ui
     00000003  b_vm_overlay_set_submap            vm_ui
     00000003  b_vm_overlay_set_submap_ex         vm_ui
     00000003  b_vm_overlay_setpos                vm_ui
     00000003  b_vm_overlay_show                  vm_ui
     00000003  b_vm_overlay_wait                  vm_ui
     00000003  b_vm_poll_loaded                   vm
     00000003  b_vm_pop                           vm
     00000003  b_vm_push                          vm
     00000003  b_vm_push_reference                vm
     00000003  b_vm_push_value                    vm
     00000003  b_vm_push_value_ind                vm
     00000003  b_vm_raise                         vm
     00000003  b_vm_rand                          vm
     00000003  b_vm_reserve                       vm
     00000003  b_vm_ret                           vm
     00000003  b_vm_ret_far                       vm
     00000003  b_vm_set                           vm
     00000003  b_vm_set_const                     vm
     00000003  b_vm_set_font                      vm_ui
     00000003  b_vm_set_indirect                  vm
     00000003  b_vm_set_text_sound                vm_ui
     00000003  b_vm_switch_text_layer             vm_ui
     00000003  b_vm_terminate                     vm
     00000003  b_vm_test_terminate                vm
     00000003  b_vm_unlock                        vm
     00000003  b_wait_frames                      vm
     00000003  l__HEADER9                      
     00000003  l__HEADER_LCD0                  
     00000003  l__HRAM12                       
ASxxxx Linker V03.00/V05.40 + sdld,  page 5.
Hexadecimal  [32-Bits]

Area                                    Addr        Size        Decimal Bytes (Attributes)
--------------------------------        ----        ----        ------- ----- ------------
.  .ABS.                            00000000    00000000 =           0. bytes (ABS,CON)

      Value  Global                              Global Defined In Module
      -----  --------------------------------   ------------------------
     00000004  ___bank_VM_CAMERA                  vm_camera
     00000004  ___bank_VM_GAMEBOY                 vm_gameboy
     00000004  ___bank_VM_SIO                     vm_sio
     00000004  ___bank_actor_11_interact          actor_11_interact
     00000004  ___bank_actor_12_interact          actor_12_interact
     00000004  ___bank_actor_18_update            actor_18_update
     00000004  ___bank_actor_30_interact          actor_30_interact
     00000004  ___bank_actor_7_interact           actor_7_interact
     00000004  ___bank_bg_living_room_tilemap     bg_living_room_tilemap
     00000004  ___bank_bg_living_room_tilemap_a   bg_living_room_tilemap_attr
     00000004  ___bank_trigger_0_interact         trigger_0_interact
     00000004  __start_save                    
     00000004  b___HandleCrash_banked             
     00000004  b_atan2                            math_atan2
     00000004  b_camera_shake_frames              vm_camera
     00000004  b_core_reset                       core
     00000004  b_core_run                         core
     00000004  b_data_clear                       load_save
     00000004  b_data_init                        load_save
     00000004  b_data_load                        load_save
     00000004  b_data_peek                        load_save
     00000004  b_data_save                        load_save
     00000004  b_gbprinter_detect                 gbprinter
     00000004  b_gbprinter_print_overlay          gbprinter
     00000004  b_projectile_launch                projectiles
     00000004  b_projectiles_init                 projectiles
     00000004  b_topdown_init                     topdown
     00000004  b_topdown_update                   topdown
     00000004  b_trigger_activate_at              trigger
     00000004  b_trigger_activate_at_intersecti   trigger
     00000004  b_trigger_at_intersection          trigger
     00000004  b_trigger_at_tile                  trigger
     00000004  b_trigger_interact                 trigger
     00000004  b_trigger_reset                    trigger
     00000004  b_vm_camera_move_to                vm_camera
     00000004  b_vm_camera_set_pos                vm_camera
     00000004  b_vm_context_prepare               vm_gameboy
     00000004  b_vm_fade                          vm_gameboy
     00000004  b_vm_get_tile_xy                   vm_gameboy
     00000004  b_vm_input_attach                  vm_gameboy
     00000004  b_vm_input_detach                  vm_gameboy
     00000004  b_vm_input_get                     vm_gameboy
     00000004  b_vm_input_wait                    vm_gameboy
     00000004  b_vm_load_tileset                  vm_gameboy
     00000004  b_vm_poll                          vm_gameboy
     00000004  b_vm_replace_tile                  vm_gameboy
     00000004  b_vm_replace_tile_xy               vm_gameboy
     00000004  b_vm_rumble                        vm_gameboy
     00000004  b_vm_set_sprite_mode               vm_gameboy
     00000004  b_vm_set_sprites_visible           vm_gameboy
     00000004  b_vm_sio_exchange                  vm_sio
ASxxxx Linker V03.00/V05.40 + sdld,  page 6.
Hexadecimal  [32-Bits]

Area                                    Addr        Size        Decimal Bytes (Attributes)
--------------------------------        ----        ----        ------- ----- ------------
.  .ABS.                            00000000    00000000 =           0. bytes (ABS,CON)

      Value  Global                              Global Defined In Module
      -----  --------------------------------   ------------------------
     00000004  b_vm_sio_set_mode                  vm_sio
     00000004  b_vm_timer_prepare                 vm_gameboy
     00000004  b_vm_timer_reset                   vm_gameboy
     00000004  b_vm_timer_set                     vm_gameboy
     00000004  b_vm_timer_stop                    vm_gameboy
     00000004  l__CRASH_HEADER1                
     00000004  l__HEADER_SIO0                  
     00000004  l__HEADER_TIMER0                
     00000005  ___bank_VM_MATH                    vm_math
     00000005  ___bank_VM_MUSIC                   vm_music
     00000005  ___bank_VM_PALETTE                 vm_palette
     00000005  ___bank_actor_22_interact          actor_22_interact
     00000005  ___bank_actor_23_interact          actor_23_interact
     00000005  ___bank_actor_4_interact           actor_4_interact
     00000005  ___bank_bg_language_screen_tilem   bg_language_screen_tilemap
     00000005  ___bank_bg_language_screen_tilem   bg_language_screen_tilemap_a
     00000005  ___bank_bg_language_screen_tiles   bg_language_screen_tileset
     00000005  ___bank_bg_level_1_maze_1_tilema   bg_level_1_maze_1_tilemap
     00000005  ___bank_bg_level_1_maze_1_tilema   bg_level_1_maze_1_tilemap_at
     00000005  ___bank_bg_level_1_maze_2_tilema   bg_level_1_maze_2_tilemap
     00000005  ___bank_bg_level_1_maze_2_tilema   bg_level_1_maze_2_tilemap_at
     00000005  ___bank_bg_level_1_maze_3_tilema   bg_level_1_maze_3_tilemap
     00000005  ___bank_bg_level_1_maze_3_tilema   bg_level_1_maze_3_tilemap_at
     00000005  ___bank_bg_level_1_maze_4_tilema   bg_level_1_maze_4_tilemap
     00000005  ___bank_bg_level_1_maze_4_tilema   bg_level_1_maze_4_tilemap_at
     00000005  ___bank_bg_level_1_maze_5_tilema   bg_level_1_maze_5_tilemap
     00000005  ___bank_bg_level_1_maze_5_tilema   bg_level_1_maze_5_tilemap_at
     00000005  ___bank_bg_level_1_maze_6_tilema   bg_level_1_maze_6_tilemap
     00000005  ___bank_bg_level_1_maze_6_tilema   bg_level_1_maze_6_tilemap_at
     00000005  ___bank_bg_living_room_tileset     bg_living_room_tileset
     00000005  ___bank_scene_1_collisions         scene_1_collisions
     00000005  ___bank_scene_2_actors             scene_2_actors
     00000005  ___bank_scene_2_collisions         scene_2_collisions
     00000005  ___bank_scene_2_init               scene_2_init
     00000005  ___bank_scene_3_actors             scene_3_actors
     00000005  ___bank_scene_3_collisions         scene_3_collisions
     00000005  ___bank_scene_4_collisions         scene_4_collisions
     00000005  ___bank_scene_4_sprites            scene_4_sprites
     00000005  ___bank_scene_5_collisions         scene_5_collisions
     00000005  ___bank_scene_6_actors             scene_6_actors
     00000005  ___bank_scene_6_collisions         scene_6_collisions
     00000005  ___bank_scene_7_collisions         scene_7_collisions
     00000005  ___bank_scene_8_collisions         scene_8_collisions
     00000005  ___bank_sprite_actor_animated_ti   sprite_actor_animated_tilese
     00000005  ___bank_sprite_girl_tileset        sprite_girl_tileset
     00000005  ___bank_sprite_hero_tileset        sprite_hero_tileset
     00000005  ___bank_sprite_sprites_personage   sprite_sprites_personagem_t_
     00000005  ___bank_tileset_default_frame      tileset_default_frame
     00000005  ___bank_trigger_11_interact        trigger_11_interact
     00000005  b_erase_flash                      
     00000005  b_save_sram_banks                  
ASxxxx Linker V03.00/V05.40 + sdld,  page 7.
Hexadecimal  [32-Bits]

Area                                    Addr        Size        Decimal Bytes (Attributes)
--------------------------------        ----        ----        ------- ----- ------------
.  .ABS.                            00000000    00000000 =           0. bytes (ABS,CON)

      Value  Global                              Global Defined In Module
      -----  --------------------------------   ------------------------
     00000005  b_set_sgb_border                   sgb_border
     00000005  b_vm_cos_scale                     vm_math
     00000005  b_vm_load_palette                  vm_palette
     00000005  b_vm_music_mute                    vm_music
     00000005  b_vm_music_play                    vm_music
     00000005  b_vm_music_routine                 vm_music
     00000005  b_vm_music_setpos                  vm_music
     00000005  b_vm_music_stop                    vm_music
     00000005  b_vm_sfx_play                      vm_music
     00000005  b_vm_sin_scale                     vm_math
     00000005  b_vm_sound_mastervol               vm_music
     00000005  l__CRASH_HEADER0                
     00000005  l__HEADER1                      
     00000006  ___bank_VM_GBPRINTER               vm_gbprinter
     00000006  ___bank_VM_LOAD_SAVE               vm_load_save
     00000006  ___bank_VM_PROJECTILE              vm_projectiles
     00000006  ___bank_VM_RTC                     vm_rtc
     00000006  ___bank_VM_SCENE                   vm_scene
     00000006  ___bank_actor_10_update            actor_10_update
     00000006  ___bank_actor_11_update            actor_11_update
     00000006  ___bank_actor_12_update            actor_12_update
     00000006  ___bank_actor_14_update            actor_14_update
     00000006  ___bank_actor_15_update            actor_15_update
     00000006  ___bank_actor_16_update            actor_16_update
     00000006  ___bank_actor_20_interact          actor_20_interact
     00000006  ___bank_actor_24_update            actor_24_update
     00000006  ___bank_actor_25_update            actor_25_update
     00000006  ___bank_actor_26_update            actor_26_update
     00000006  ___bank_actor_27_update            actor_27_update
     00000006  ___bank_actor_28_update            actor_28_update
     00000006  ___bank_actor_29_update            actor_29_update
     00000006  ___bank_actor_2_interact           actor_2_interact
     00000006  ___bank_actor_30_update            actor_30_update
     00000006  ___bank_actor_3_update             actor_3_update
     00000006  ___bank_actor_4_update             actor_4_update
     00000006  ___bank_actor_5_update             actor_5_update
     00000006  ___bank_actor_6_update             actor_6_update
     00000006  ___bank_actor_7_update             actor_7_update
     00000006  ___bank_actor_8_update             actor_8_update
     00000006  ___bank_actor_9_update             actor_9_update
     00000006  ___bank_bg_language_screen         bg_language_screen
     00000006  ___bank_bg_level_1_maze_1          bg_level_1_maze_1
     00000006  ___bank_bg_level_1_maze_1_tilese   bg_level_1_maze_1_tileset
     00000006  ___bank_bg_level_1_maze_2          bg_level_1_maze_2
     00000006  ___bank_bg_level_1_maze_2_tilese   bg_level_1_maze_2_tileset
     00000006  ___bank_bg_level_1_maze_3          bg_level_1_maze_3
     00000006  ___bank_bg_level_1_maze_3_tilese   bg_level_1_maze_3_tileset
     00000006  ___bank_bg_level_1_maze_4          bg_level_1_maze_4
     00000006  ___bank_bg_level_1_maze_4_tilese   bg_level_1_maze_4_tileset
     00000006  ___bank_bg_level_1_maze_5          bg_level_1_maze_5
     00000006  ___bank_bg_level_1_maze_5_tilese   bg_level_1_maze_5_tileset
ASxxxx Linker V03.00/V05.40 + sdld,  page 8.
Hexadecimal  [32-Bits]

Area                                    Addr        Size        Decimal Bytes (Attributes)
--------------------------------        ----        ----        ------- ----- ------------
.  .ABS.                            00000000    00000000 =           0. bytes (ABS,CON)

      Value  Global                              Global Defined In Module
      -----  --------------------------------   ------------------------
     00000006  ___bank_bg_level_1_maze_6          bg_level_1_maze_6
     00000006  ___bank_bg_level_1_maze_6_tilese   bg_level_1_maze_6_tileset
     00000006  ___bank_bg_living_room             bg_living_room
     00000006  ___bank_bootstrap_script           
     00000006  ___bank_emote_shock                emote_shock
     00000006  ___bank_emote_sleep                emote_sleep
     00000006  ___bank_frame_image                frame_image
     00000006  ___bank_palette_0                  palette_0
     00000006  ___bank_palette_1                  palette_1
     00000006  ___bank_palette_2                  palette_2
     00000006  ___bank_palette_3                  palette_3
     00000006  ___bank_palette_4                  palette_4
     00000006  ___bank_palette_5                  palette_5
     00000006  ___bank_palette_6                  palette_6
     00000006  ___bank_scene_1                    scene_1
     00000006  ___bank_scene_1_init               scene_1_init
     00000006  ___bank_scene_2                    scene_2
     00000006  ___bank_scene_2_sprites            scene_2_sprites
     00000006  ___bank_scene_2_triggers           scene_2_triggers
     00000006  ___bank_scene_3                    scene_3
     00000006  ___bank_scene_3_projectiles        scene_3_projectiles
     00000006  ___bank_scene_3_sprites            scene_3_sprites
     00000006  ___bank_scene_3_triggers           scene_3_triggers
     00000006  ___bank_scene_4                    scene_4
     00000006  ___bank_scene_4_actors             scene_4_actors
     00000006  ___bank_scene_4_init               scene_4_init
     00000006  ___bank_scene_4_projectiles        scene_4_projectiles
     00000006  ___bank_scene_4_triggers           scene_4_triggers
     00000006  ___bank_scene_5                    scene_5
     00000006  ___bank_scene_5_actors             scene_5_actors
     00000006  ___bank_scene_5_init               scene_5_init
     00000006  ___bank_scene_5_projectiles        scene_5_projectiles
     00000006  ___bank_scene_5_sprites            scene_5_sprites
     00000006  ___bank_scene_5_triggers           scene_5_triggers
     00000006  ___bank_scene_6                    scene_6
     00000006  ___bank_scene_6_init               scene_6_init
     00000006  ___bank_scene_6_projectiles        scene_6_projectiles
     00000006  ___bank_scene_6_sprites            scene_6_sprites
     00000006  ___bank_scene_6_triggers           scene_6_triggers
     00000006  ___bank_scene_7                    scene_7
     00000006  ___bank_scene_7_actors             scene_7_actors
     00000006  ___bank_scene_7_init               scene_7_init
     00000006  ___bank_scene_7_projectiles        scene_7_projectiles
     00000006  ___bank_scene_7_triggers           scene_7_triggers
     00000006  ___bank_scene_8                    scene_8
     00000006  ___bank_scene_8_actors             scene_8_actors
     00000006  ___bank_scene_8_init               scene_8_init
     00000006  ___bank_scene_8_projectiles        scene_8_projectiles
     00000006  ___bank_scene_8_sprites            scene_8_sprites
     00000006  ___bank_scene_8_triggers           scene_8_triggers
     00000006  ___bank_script_1                   script_1
ASxxxx Linker V03.00/V05.40 + sdld,  page 9.
Hexadecimal  [32-Bits]

Area                                    Addr        Size        Decimal Bytes (Attributes)
--------------------------------        ----        ----        ------- ----- ------------
.  .ABS.                            00000000    00000000 =           0. bytes (ABS,CON)

      Value  Global                              Global Defined In Module
      -----  --------------------------------   ------------------------
     00000006  ___bank_script_1_0                 script_1_0
     00000006  ___bank_script_2                   script_2
     00000006  ___bank_script_2_0                 script_2_0
     00000006  ___bank_script_3                   script_3
     00000006  ___bank_script_4                   script_4
     00000006  ___bank_script_5                   script_5
     00000006  ___bank_script_6                   script_6
     00000006  ___bank_script_9                   script_9
     00000006  ___bank_script_engine_init         
     00000006  ___bank_script_input               script_input
     00000006  ___bank_script_input_1             script_input_1
     00000006  ___bank_script_input_2             script_input_2
     00000006  ___bank_script_input_3             script_input_3
     00000006  ___bank_script_timer               script_timer
     00000006  ___bank_script_timer_0             script_timer_0
     00000006  ___bank_script_timer_1             script_timer_1
     00000006  ___bank_script_timer_2             script_timer_2
     00000006  ___bank_sprite_actor_animated      sprite_actor_animated
     00000006  ___bank_sprite_bills               sprite_bills
     00000006  ___bank_sprite_bills_tileset       sprite_bills_tileset
     00000006  ___bank_sprite_crystal             sprite_crystal
     00000006  ___bank_sprite_crystal_tileset     sprite_crystal_tileset
     00000006  ___bank_sprite_cursor2             sprite_cursor2
     00000006  ___bank_sprite_cursor2_tileset     sprite_cursor2_tileset
     00000006  ___bank_sprite_girl                sprite_girl
     00000006  ___bank_sprite_heart_empty         sprite_heart_empty
     00000006  ___bank_sprite_heart_empty_tiles   sprite_heart_empty_tileset
     00000006  ___bank_sprite_heart_full          sprite_heart_full
     00000006  ___bank_sprite_heart_full_tilese   sprite_heart_full_tileset
     00000006  ___bank_sprite_hero                sprite_hero
     00000006  ___bank_sprite_melatonina          sprite_melatonina
     00000006  ___bank_sprite_melatonina_tilese   sprite_melatonina_tileset
     00000006  ___bank_sprite_plant_pot           sprite_plant_pot
     00000006  ___bank_sprite_sprites_personage   sprite_sprites_personagem_t
     00000006  ___bank_sprite_transparent         sprite_transparent
     00000006  ___bank_spritesheet_none           spritesheet_none
     00000006  ___bank_trigger_10_interact        trigger_10_interact
     00000006  ___bank_trigger_1_interact         trigger_1_interact
     00000006  ___bank_trigger_2_interact         trigger_2_interact
     00000006  ___bank_trigger_3_interact         trigger_3_interact
     00000006  ___bank_trigger_4_interact         trigger_4_interact
     00000006  ___bank_trigger_6_interact         trigger_6_interact
     00000006  ___bank_trigger_7_interact         trigger_7_interact
     00000006  ___bank_trigger_8_interact         trigger_8_interact
     00000006  ___bank_trigger_9_interact         trigger_9_interact
     00000006  b_CGBZeroPalette                   palette
     00000006  b_SIO_init                         sio
     00000006  b_camera_init                      camera
     00000006  b_events_init                      events
     00000006  b_input_init                       input
     00000006  b_itoa_fmt                         vm_ui_a
ASxxxx Linker V03.00/V05.40 + sdld,  page 10.
Hexadecimal  [32-Bits]

Area                                    Addr        Size        Decimal Bytes (Attributes)
--------------------------------        ----        ----        ------- ----- ------------
.  .ABS.                            00000000    00000000 =           0. bytes (ABS,CON)

      Value  Global                              Global Defined In Module
      -----  --------------------------------   ------------------------
     00000006  b_music_events_poll                music_manager
     00000006  b_music_init_driver                music_manager
     00000006  b_music_init_events                music_manager
     00000006  b_palette_init                     palette
     00000006  b_parallax_init                    parallax
     00000006  b_remove_LCD_ISRs                  interrupts
     00000006  b_restore_sram                     flasher
     00000006  b_restore_sram_bank                flasher
     00000006  b_save_sram                        flasher
     00000006  b_scroll_rect                      
     00000006  b_timers_init                      events
     00000006  b_vm_print_detect                  vm_gbprinter
     00000006  b_vm_print_overlay                 vm_gbprinter
     00000006  b_vm_projectile_launch             vm_projectiles
     00000006  b_vm_projectile_load_type          vm_projectiles
     00000006  b_vm_rtc_get                       vm_rtc
     00000006  b_vm_rtc_latch                     vm_rtc
     00000006  b_vm_rtc_set                       vm_rtc
     00000006  b_vm_rtc_start                     vm_rtc
     00000006  b_vm_save_clear                    vm_load_save
     00000006  b_vm_save_peek                     vm_load_save
     00000006  b_vm_scene_pop                     vm_scene
     00000006  b_vm_scene_pop_all                 vm_scene
     00000006  b_vm_scene_push                    vm_scene
     00000006  b_vm_scene_stack_reset             vm_scene
     00000006  l__HEADER8                      
     00000007  l__HEADER2                      
     00000008  l__HEADER3                      
     00000018  l__INITIALIZED                  
     00000018  l__INITIALIZER                  
     00000027  l__GSINIT                       
     00000030  l__HEADER7                      
     00000060  l__HEADER4                      
     000000AB  l__HEADER11                     
     000001CB  l__CRASH_SCRATCH2               
     00000200  s__CODE                         
     00000EB9  l__CODE                         
     000010B9  s__HOME                         
     00001971  l__DATA                         
     00002000  _rROMB0                            
     0000293D  l__CODE_6                       
     00002D53  l__HOME                         
     00003000  _rROMB1                            
     00003E0C  s__BASE                         
     00003E0C  s__CODE_0                       
     00003E0C  s__INITIALIZER                  
     00003E0C  s__LIT                          
     00003E24  s__GSINIT                       
     00003E4B  s__GSFINAL                      
     00003FFE  l__CODE_5                       
     00003FFF  l__CODE_4                       
ASxxxx Linker V03.00/V05.40 + sdld,  page 11.
Hexadecimal  [32-Bits]

Area                                    Addr        Size        Decimal Bytes (Attributes)
--------------------------------        ----        ----        ------- ----- ------------
.  .ABS.                            00000000    00000000 =           0. bytes (ABS,CON)

      Value  Global                              Global Defined In Module
      -----  --------------------------------   ------------------------
     00004000  _RTC_SELECT_REG                    vm_rtc
     00004000  _rRAMB                             
     00004000  l__CODE_1                       
     00004000  l__CODE_2                       
     00004000  l__CODE_3                       
     00006000  _RTC_LATCH_REG                     vm_rtc
     00008000  __VRAM                             
     00008000  __VRAM8000                         
     00008800  __VRAM8800                         
     00009000  __VRAM9000                         
     00009800  __SCRN0                            
     00009C00  __SCRN1                            
     0000A000  _RTC_VALUE_REG                     vm_rtc
     0000A000  __SRAM                             
     0000C000  __RAM                              
     0000C000  _shadow_OAM                     
     0000C0A0  s__DATA                         
     0000D000  __RAMBANK                          
     0000DA11  s__BSS                          
     0000DA11  s__INITIALIZED                  
     0000DA29  s__HEAP                         
     0000DA29  s__HEAP_END                     
     0000DF00  .STACK                          
     0000DF00  _shadow_OAM2                       absolute
     0000DFA0  _BkgPalette                        absolute
     0000DFE0  _vwf_tile_data                     absolute
     0000FE00  __OAMRAM                           
     0000FF00  _P1_REG                            
     0000FF00  __IO                               
     0000FF01  _SB_REG                            
     0000FF02  _SC_REG                            
     0000FF04  _DIV_REG                           
     0000FF05  _TIMA_REG                          
     0000FF06  _TMA_REG                           
     0000FF07  _TAC_REG                           
     0000FF0F  _IF_REG                            
     0000FF10  _NR10_REG                          
     0000FF11  _NR11_REG                          
     0000FF12  _NR12_REG                          
     0000FF13  _NR13_REG                          
     0000FF14  _NR14_REG                          
     0000FF16  _NR21_REG                          
     0000FF17  _NR22_REG                          
     0000FF18  _NR23_REG                          
     0000FF19  _NR24_REG                          
     0000FF1A  _NR30_REG                          
     0000FF1B  _NR31_REG                          
     0000FF1C  _NR32_REG                          
     0000FF1D  _NR33_REG                          
     0000FF1E  _NR34_REG                          
     0000FF20  _NR41_REG                          
ASxxxx Linker V03.00/V05.40 + sdld,  page 12.
Hexadecimal  [32-Bits]

Area                                    Addr        Size        Decimal Bytes (Attributes)
--------------------------------        ----        ----        ------- ----- ------------
.  .ABS.                            00000000    00000000 =           0. bytes (ABS,CON)

      Value  Global                              Global Defined In Module
      -----  --------------------------------   ------------------------
     0000FF21  _NR42_REG                          
     0000FF22  _NR43_REG                          
     0000FF23  _NR44_REG                          
     0000FF24  _NR50_REG                          
     0000FF25  _NR51_REG                          
     0000FF26  _NR52_REG                          
     0000FF30  _AUD3WAVE                          
     0000FF30  _PCM_SAMPLE                        
     0000FF30  __AUD3WAVERAM                      
     0000FF40  _LCDC_REG                          
     0000FF41  _STAT_REG                          
     0000FF42  _SCY_REG                           
     0000FF43  _SCX_REG                           
     0000FF44  _LY_REG                            
     0000FF45  _LYC_REG                           
     0000FF46  _DMA_REG                           
     0000FF47  _BGP_REG                           
     0000FF48  _OBP0_REG                          
     0000FF49  _OBP1_REG                          
     0000FF4A  _WY_REG                            
     0000FF4B  _WX_REG                            
     0000FF4D  _KEY1_REG                          
     0000FF4F  _VBK_REG                           
     0000FF51  _HDMA1_REG                         
     0000FF52  _HDMA2_REG                         
     0000FF53  _HDMA3_REG                         
     0000FF54  _HDMA4_REG                         
     0000FF55  _HDMA5_REG                         
     0000FF56  _RP_REG                            
     0000FF68  _BCPS_REG                          
     0000FF69  _BCPD_REG                          
     0000FF6A  _OCPS_REG                          
     0000FF6B  _OCPD_REG                          
     0000FF70  _SVBK_REG                          
     0000FF76  _PCM12_REG                         
     0000FF77  _PCM34_REG                         
     0000FF80  .refresh_OAM                    
     0000FF80  __HRAM                             
     0000FFFF  _IE_REG                            
     00014000  s__CODE_1                       
     00024000  s__CODE_2                       
     00034000  s__CODE_3                       
     00044000  s__CODE_4                       
     00054000  s__CODE_5                       
     00064000  s__CODE_6                       

ASxxxx Linker V03.00/V05.40 + sdld,  page 13.
Hexadecimal  [32-Bits]

Area                                    Addr        Size        Decimal Bytes (Attributes)
--------------------------------        ----        ----        ------- ----- ------------
_CODE                               00000200    00000EB9 =        3769. bytes (REL,CON)

      Value  Global                              Global Defined In Module
      -----  --------------------------------   ------------------------
     00000200  ___HandleCrash                     
     0000020A  _SIO_send_byte                     
     0000021D  _SIO_receive                       
     0000022E  _GetWinAddr                        
     00000236  _GetBkgAddr                        
     00000244  _state_init                        
     00000249  _state_update                      
     0000026B  _ui_time_masks                     
     00000273  _ui_print_shift_char               
     000002F6  _ui_draw_frame_row                 
     000002FF  .ui_draw_frame_row                 
     00000328  _script_cmds                       vm_instructions
     00000560  _save_signature                    game_signature
     00000564  _start_scene_x                     
     00000566  _start_scene_y                     
     00000568  _start_scene_dir                   
     00000569  _start_scene                       
     0000056C  _start_player_move_speed           
     0000056D  _start_player_anim_tick            
     0000056E  _ui_fonts                          
     00000571  _core_reset_hook                   main
     00000579  _main                              main
     00000581  _state_start_fns                   
     00000587  _state_update_fns                  
     0000058D  _hUGE_init                         hUGEDriver_obj
     0000058F  hUGE_init                          hUGEDriver_obj
     000005E5  _hUGE_mute_channel                 hUGEDriver_obj
     000005E7  hUGE_mute_channel                  hUGEDriver_obj
     00000835  _hUGE_set_position                 hUGEDriver_obj
     00000837  hUGE_set_position                  hUGEDriver_obj
     000009FC  _hUGE_dosound                      hUGEDriver_obj
     000009FC  hUGE_dosound                       hUGEDriver_obj
     00000D28  _get_vram_byte                     
     00000D30  _get_win_tile_xy                   
     00000D38  _get_bkg_tile_xy                   
     00000D5F  _set_sprite_palette                CGB
     00000D64  _set_bkg_palette                   CGB
     00000D67  .set_palette                       CGB
     00000D86  _set_sprite_palette_entry          CGB
     00000D8B  _set_bkg_palette_entry             CGB
     00000D8E  .set_palette_entry                 CGB
     00000DAA  _hide_sprites_range                Metasprites
     00000DD9  __mulsuchar                        mul
     00000DDC  __muluschar                        mul
     00000DE5  __mulschar                         mul
     00000DED  __mulint                           mul
     00000E0C  __muluchar                         mul
     00000E1E  _set_vram_byte                     
     00000E27  _set_win_tile_xy                   
     00000E30  _set_bkg_tile_xy                   
ASxxxx Linker V03.00/V05.40 + sdld,  page 14.
Hexadecimal  [32-Bits]

Area                                    Addr        Size        Decimal Bytes (Attributes)
--------------------------------        ----        ----        ------- ----- ------------
_CODE                               00000200    00000EB9 =        3769. bytes (REL,CON)

      Value  Global                              Global Defined In Module
      -----  --------------------------------   ------------------------
     00000E5F  .sgb_check                         
     00000E5F  _sgb_check                         
     00000EA7  _sgb_transfer                      
     00000EAC  .sgb_transfer                      
     00000EED  .copy_vram                         
     00000EF3  _get_data                          
     00000EF3  _set_data                          
     00000EF3  _vmemcpy                           
     00000F41  ___move_metasprite                 Metasprites
     00000F7E  ___memcpy                          
     00000F7E  _memcpy                            
     00000FB0  _cpu_slow                          CGB
     00000FCB  _cpu_fast                          CGB
     00000FD2  __divsuchar                        divmod
     00000FD8  __modsuchar                        divmod
     00000FE1  __divuschar                        divmod
     00000FEA  __moduschar                        divmod
     00000FF6  __divschar                         divmod
     00000FFB  __modschar                         divmod
     00001002  __divsint                          divmod
     0000100B  __modsint                          divmod
     00001017  __divuchar                         divmod
     0000101C  __moduchar                         divmod
     00001023  __divuint                          divmod
     0000102C  __moduint                          divmod
     00001038  .div8                              divmod
     00001038  .mod8                              divmod
     00001040  .div16                             divmod
     00001040  .mod16                             divmod
     00001076  .divu8                             divmod
     00001076  .modu8                             divmod
     00001079  .divu16                            divmod
     00001079  .modu16                            divmod

ASxxxx Linker V03.00/V05.40 + sdld,  page 15.
Hexadecimal  [32-Bits]

Area                                    Addr        Size        Decimal Bytes (Attributes)
--------------------------------        ----        ----        ------- ----- ------------
_HEADER0                            00000000    00000001 =           1. bytes (ABS,CON)

      Value  Global                              Global Defined In Module
      -----  --------------------------------   ------------------------
     00000020  .call_hl                           Runtime

ASxxxx Linker V03.00/V05.40 + sdld,  page 16.
Hexadecimal  [32-Bits]

Area                                    Addr        Size        Decimal Bytes (Attributes)
--------------------------------        ----        ----        ------- ----- ------------
_HEADER1                            00000000    00000005 =           5. bytes (ABS,CON)

      Value  Global                              Global Defined In Module
      -----  --------------------------------   ------------------------
     00000028  .MemsetSmall                       Runtime

ASxxxx Linker V03.00/V05.40 + sdld,  page 17.
Hexadecimal  [32-Bits]

Area                                    Addr        Size        Decimal Bytes (Attributes)
--------------------------------        ----        ----        ------- ----- ------------
_HEADER2                            00000000    00000007 =           7. bytes (ABS,CON)

      Value  Global                              Global Defined In Module
      -----  --------------------------------   ------------------------
     00000030  .MemcpySmall                       Runtime

ASxxxx Linker V03.00/V05.40 + sdld,  page 18.
Hexadecimal  [32-Bits]

Area                                    Addr        Size        Decimal Bytes (Attributes)
--------------------------------        ----        ----        ------- ----- ------------
_HEADER3                            00000000    00000008 =           8. bytes (ABS,CON)

      Value  Global                              Global Defined In Module
      -----  --------------------------------   ------------------------
ASxxxx Linker V03.00/V05.40 + sdld,  page 19.
Hexadecimal  [32-Bits]

Area                                    Addr        Size        Decimal Bytes (Attributes)
--------------------------------        ----        ----        ------- ----- ------------
_HEADER4                            00000000    00000060 =          96. bytes (ABS,CON)

      Value  Global                              Global Defined In Module
      -----  --------------------------------   ------------------------
     00000080  .int                               Runtime
     0000008F  _wait_int_handler                  Runtime
     0000009C  __standard_VBL_handler             Runtime
     000000AB  _refresh_OAM                       Runtime
     000000CC  _set_interrupts                    Runtime

ASxxxx Linker V03.00/V05.40 + sdld,  page 20.
Hexadecimal  [32-Bits]

Area                                    Addr        Size        Decimal Bytes (Attributes)
--------------------------------        ----        ----        ------- ----- ------------
_HEADER5                            00000000    00000001 =           1. bytes (ABS,CON)

      Value  Global                              Global Defined In Module
      -----  --------------------------------   ------------------------
ASxxxx Linker V03.00/V05.40 + sdld,  page 21.
Hexadecimal  [32-Bits]

Area                                    Addr        Size        Decimal Bytes (Attributes)
--------------------------------        ----        ----        ------- ----- ------------
_HEADER6                            00000000    00000002 =           2. bytes (ABS,CON)

      Value  Global                              Global Defined In Module
      -----  --------------------------------   ------------------------
ASxxxx Linker V03.00/V05.40 + sdld,  page 22.
Hexadecimal  [32-Bits]

Area                                    Addr        Size        Decimal Bytes (Attributes)
--------------------------------        ----        ----        ------- ----- ------------
_HEADER7                            00000000    00000030 =          48. bytes (ABS,CON)

      Value  Global                              Global Defined In Module
      -----  --------------------------------   ------------------------
ASxxxx Linker V03.00/V05.40 + sdld,  page 23.
Hexadecimal  [32-Bits]

Area                                    Addr        Size        Decimal Bytes (Attributes)
--------------------------------        ----        ----        ------- ----- ------------
_HEADER8                            00000000    00000006 =           6. bytes (ABS,CON)

      Value  Global                              Global Defined In Module
      -----  --------------------------------   ------------------------
ASxxxx Linker V03.00/V05.40 + sdld,  page 24.
Hexadecimal  [32-Bits]

Area                                    Addr        Size        Decimal Bytes (Attributes)
--------------------------------        ----        ----        ------- ----- ------------
_HEADER9                            00000000    00000003 =           3. bytes (ABS,CON)

      Value  Global                              Global Defined In Module
      -----  --------------------------------   ------------------------
ASxxxx Linker V03.00/V05.40 + sdld,  page 25.
Hexadecimal  [32-Bits]

Area                                    Addr        Size        Decimal Bytes (Attributes)
--------------------------------        ----        ----        ------- ----- ------------
_HEADERa                            00000000    00000001 =           1. bytes (ABS,CON)

      Value  Global                              Global Defined In Module
      -----  --------------------------------   ------------------------
ASxxxx Linker V03.00/V05.40 + sdld,  page 26.
Hexadecimal  [32-Bits]

Area                                    Addr        Size        Decimal Bytes (Attributes)
--------------------------------        ----        ----        ------- ----- ------------
_HEADERb                            00000000    00000001 =           1. bytes (ABS,CON)

      Value  Global                              Global Defined In Module
      -----  --------------------------------   ------------------------
ASxxxx Linker V03.00/V05.40 + sdld,  page 27.
Hexadecimal  [32-Bits]

Area                                    Addr        Size        Decimal Bytes (Attributes)
--------------------------------        ----        ----        ------- ----- ------------
_HEADERc                            00000000    00000001 =           1. bytes (ABS,CON)

      Value  Global                              Global Defined In Module
      -----  --------------------------------   ------------------------
ASxxxx Linker V03.00/V05.40 + sdld,  page 28.
Hexadecimal  [32-Bits]

Area                                    Addr        Size        Decimal Bytes (Attributes)
--------------------------------        ----        ----        ------- ----- ------------
_HEADERd                            00000000    00000002 =           2. bytes (ABS,CON)

      Value  Global                              Global Defined In Module
      -----  --------------------------------   ------------------------
ASxxxx Linker V03.00/V05.40 + sdld,  page 29.
Hexadecimal  [32-Bits]

Area                                    Addr        Size        Decimal Bytes (Attributes)
--------------------------------        ----        ----        ------- ----- ------------
_HEADERe                            00000000    00000001 =           1. bytes (ABS,CON)

      Value  Global                              Global Defined In Module
      -----  --------------------------------   ------------------------
ASxxxx Linker V03.00/V05.40 + sdld,  page 30.
Hexadecimal  [32-Bits]

Area                                    Addr        Size        Decimal Bytes (Attributes)
--------------------------------        ----        ----        ------- ----- ------------
_HEADERf                            00000000    00000001 =           1. bytes (ABS,CON)

      Value  Global                              Global Defined In Module
      -----  --------------------------------   ------------------------
ASxxxx Linker V03.00/V05.40 + sdld,  page 31.
Hexadecimal  [32-Bits]

Area                                    Addr        Size        Decimal Bytes (Attributes)
--------------------------------        ----        ----        ------- ----- ------------
_HEADER10                           00000000    00000002 =           2. bytes (ABS,CON)

      Value  Global                              Global Defined In Module
      -----  --------------------------------   ------------------------
ASxxxx Linker V03.00/V05.40 + sdld,  page 32.
Hexadecimal  [32-Bits]

Area                                    Addr        Size        Decimal Bytes (Attributes)
--------------------------------        ----        ----        ------- ----- ------------
_HEADER11                           00000000    000000AB =         171. bytes (ABS,CON)

      Value  Global                              Global Defined In Module
      -----  --------------------------------   ------------------------
     00000150  .reset                             Runtime
     00000150  _reset                             Runtime
     00000157  .code_start                        Runtime
     000001B9  _exit                              Runtime
     000001BD  .wait_vbl_done                     Runtime
     000001BD  _vsync                             Runtime
     000001BD  _wait_vbl_done                     Runtime
     000001CD  .remove_VBL                        Runtime
     000001CD  _remove_VBL                        Runtime
     000001D0  .remove_int                        Runtime
     000001ED  .add_VBL                           Runtime
     000001ED  _add_VBL                           Runtime
     000001F0  .add_int                           Runtime

ASxxxx Linker V03.00/V05.40 + sdld,  page 33.
Hexadecimal  [32-Bits]

Area                                    Addr        Size        Decimal Bytes (Attributes)
--------------------------------        ----        ----        ------- ----- ------------
_HOME                               000010B9    00002D53 =       11603. bytes (REL,CON)

      Value  Global                              Global Defined In Module
      -----  --------------------------------   ------------------------
     000010B9  .memset_simple                     Runtime
     000010C2  .memcpy_simple                     Runtime
     000010DF  .display_off                       Runtime
     000010DF  _display_off                       Runtime
     000010F7  _actors_update                     actor
     0000155D  _SetBankedBkgData                  bankdata
     00001579  _SetBankedSpriteData               bankdata
     00001595  _SetBankedBkgTiles                 bankdata
     000015B1  _SetBankedWinTiles                 bankdata
     000015CD  _ReadBankedFarPtr                  bankdata
     000015EF  _ReadBankedUWORD                   bankdata
     00001609  _MemcpyBanked                      bankdata
     0000162B  _MemcpyVRAMBanked                  bankdata
     0000165A  _IndexOfFarPtr                     bankdata
     000016DF  _camera_update                     camera
     00001812  _load_animations                   data_manager
     0000186B  _events_update                     events
     0000193E  _timers_update                     events
     000019C7  _input_update                      input
     000019EA  .sio_ISR                           
     00001A44  .timer_ISR                         
     00001A59  _simple_LCD_isr                    interrupts
     00001AD8  _fullscreen_LCD_isr                interrupts
     00001B04  _VBL_isr                           interrupts
     00001B4E  _isqrt                             math
     00001BAB  _sine_wave                         math
     00001CAB  _dir_lookup                        math
     00001CB3  _dir_angle_lookup                  math
     00001CB7  _hUGETrackerRoutine                music_manager
     00001CDE  _music_events_update               music_manager
     00001D60  _music_play_isr                    music_manager
     00001E01  _parallax_LCD_isr                  parallax
     00001E3E  _projectiles_update                projectiles
     000022BF  _projectiles_render                projectiles
     00002414  _scroll_load_pending_row           scroll
     0000249A  _scroll_load_row                   scroll
     0000250F  _scroll_load_col                   scroll
     00002578  _scroll_load_pending_col           scroll
     00002600  _set_bkg_submap                    
     00002643  _set_xy_win_submap                 
     00002670  .set_xy_win_submap                 
     00002679  .set_xy_bkg_submap                 
     00002688  .set_xy_submap                     
     000026D4  _sfx_play_isr                      sfx_player
     000027AD  _on_SIO_receive                    sio
     000027EE  _SIO_update                        sio
     00002855  _ui_update                         ui
     0000298D  _vm_sgb_transfer                   vm_sgb
     000029DA  _vm_load_text                      vm_ui
     00002C30  _vm_switch                         vm
ASxxxx Linker V03.00/V05.40 + sdld,  page 34.
Hexadecimal  [32-Bits]

Area                                    Addr        Size        Decimal Bytes (Attributes)
--------------------------------        ----        ----        ------- ----- ------------
_HOME                               000010B9    00002D53 =       11603. bytes (REL,CON)

      Value  Global                              Global Defined In Module
      -----  --------------------------------   ------------------------
     00002D61  _vm_beginthread                    vm
     00002E85  _vm_rpn                            vm
     0000389D  _vm_get_far                        vm
     0000390B  _vm_call_native                    vm
     0000391E  _VM_STEP                           vm
     00003988  _script_runner_update              vm
     00003AED  _fill_win_rect                     
     00003AFF  _rand                              
     00003AFF  _randw                             
     00003B2A  _initrand                          
     00003B2C  .initrand                          
     00003B35  _get_bkg_data                      
     00003B35  _get_win_data                      
     00003B82  _get_sprite_data                   
     00003BB5  _abs                               abs
     00003BC2  _set_win_tiles                     
     00003BD6  _set_tile_data                     
     00003BDB  _set_bkg_data                      
     00003BDB  _set_win_data                      
     00003BE3  _set_sprite_data                   
     00003C13  _reverse                           reverse
     00003C47  ___call__banked                    far_ptr
     00003C64  _to_far_ptr                        far_ptr
     00003C9A  .add_LCD                           
     00003C9A  _add_LCD                           
     00003CA0  .remove_LCD                        
     00003CA0  _remove_LCD                        
     00003CA6  .fill_rect_wtt                     
     00003CAF  .fill_rect_btt                     
     00003CFC  _fill_bkg_rect                     
     00003D0E  .padup                             
     00003D0E  _waitpadup                         
     00003D1E  .jpad                              
     00003D1E  _joypad                            
     00003D46  _waitpad                           
     00003D47  .wait_pad                          
     00003D4E  ___sdcc_call_hl                    call_hl
     00003D4F  _memset                            memset
     00003D82  .set_xy_wtt                        SetTileMap
     00003D8B  .set_xy_btt                        SetTileMap
     00003D9A  .set_xy_tt                         SetTileMap
     00003DDE  ___sdcc_bcall_ehl                  
     00003DF8  _set_bkg_tiles                     
ASxxxx Linker V03.00/V05.40 + sdld,  page 35.
Hexadecimal  [32-Bits]

Area                                    Addr        Size        Decimal Bytes (Attributes)
--------------------------------        ----        ----        ------- ----- ------------
_INITIALIZER                        00003E0C    00000018 =          24. bytes (REL,CON)

      Value  Global                              Global Defined In Module
      -----  --------------------------------   ------------------------
ASxxxx Linker V03.00/V05.40 + sdld,  page 36.
Hexadecimal  [32-Bits]

Area                                    Addr        Size        Decimal Bytes (Attributes)
--------------------------------        ----        ----        ------- ----- ------------
_GSINIT                             00003E24    00000027 =          39. bytes (REL,CON)

      Value  Global                              Global Defined In Module
      -----  --------------------------------   ------------------------
     00003E24  gsinit                             Runtime

ASxxxx Linker V03.00/V05.40 + sdld,  page 37.
Hexadecimal  [32-Bits]

Area                                    Addr        Size        Decimal Bytes (Attributes)
--------------------------------        ----        ----        ------- ----- ------------
_GSFINAL                            00003E4B    00000001 =           1. bytes (REL,CON)

      Value  Global                              Global Defined In Module
      -----  --------------------------------   ------------------------
ASxxxx Linker V03.00/V05.40 + sdld,  page 38.
Hexadecimal  [32-Bits]

Area                                    Addr        Size        Decimal Bytes (Attributes)
--------------------------------        ----        ----        ------- ----- ------------
_DATA                               0000C0A0    00001971 =        6513. bytes (REL,CON)

      Value  Global                              Global Defined In Module
      -----  --------------------------------   ------------------------
     0000C0A0  __cpu                              Runtime
     0000C0A1  __is_GBA                           Runtime
     0000C0A2  .mode                              Runtime
     0000C0A3  .sys_time                          Runtime
     0000C0A3  _sys_time                          Runtime
     0000C0A5  .int_0x40                          Runtime
     0000C0B1  _actors                            actor
     0000C4F5  _actors_active_head                actor
     0000C4F7  _actors_active_tail                actor
     0000C4F9  _actors_inactive_head              actor
     0000C4FB  _screen_x                          actor
     0000C4FC  _screen_y                          actor
     0000C4FD  _invalid                           actor
     0000C4FF  _player_moving                     actor
     0000C500  _player_iframes                    actor
     0000C501  _player_collision_actor            actor
     0000C503  _emote_actor                       actor
     0000C505  _emote_timer                       actor
     0000C506  _allocated_sprite_tiles            actor
     0000C507  _allocated_hardware_sprites        actor
     0000C514  _camera_x                          camera
     0000C516  _camera_y                          camera
     0000C518  _camera_offset_x                   camera
     0000C519  _camera_offset_y                   camera
     0000C51A  _camera_deadzone_x                 camera
     0000C51B  _camera_deadzone_y                 camera
     0000C51C  _camera_settings                   camera
     0000C520  _current_scene                     data_manager
     0000C523  _image_bank                        data_manager
     0000C524  _image_ptr                         data_manager
     0000C526  _image_attr_bank                   data_manager
     0000C527  _image_attr_ptr                    data_manager
     0000C529  _collision_bank                    data_manager
     0000C52A  _collision_ptr                     data_manager
     0000C52C  _image_tile_width                  data_manager
     0000C52D  _image_tile_height                 data_manager
     0000C52E  _image_width                       data_manager
     0000C530  _image_height                      data_manager
     0000C532  _sprites_len                       data_manager
     0000C533  _actors_len                        data_manager
     0000C534  _projectiles_len                   data_manager
     0000C535  _player_sprite_len                 data_manager
     0000C536  _scene_type                        data_manager
     0000C537  _scene_LCD_type                    data_manager
     0000C538  _scene_stack                       data_manager
     0000C578  _scene_stack_ptr                   data_manager
     0000C57A  _scene_sprites_base_tiles          data_manager
     0000C5BA  _input_events                      events
     0000C5E2  _input_slots                       events
     0000C5EA  _timer_events                      events
ASxxxx Linker V03.00/V05.40 + sdld,  page 39.
Hexadecimal  [32-Bits]

Area                                    Addr        Size        Decimal Bytes (Attributes)
--------------------------------        ----        ----        ------- ----- ------------
_DATA                               0000C0A0    00001971 =        6513. bytes (REL,CON)

      Value  Global                              Global Defined In Module
      -----  --------------------------------   ------------------------
     0000C5FE  _timer_values                      events
     0000C606  _fade_running                      fade_manager
     0000C607  _fade_frames_per_step              fade_manager
     0000C608  _fade_timer                        fade_manager
     0000C610  _joypads                           input
     0000C615  _frame_joy                         input
     0000C616  _last_joy                          input
     0000C617  _recent_joy                        input
     0000C618  _SIO_status                        
     0000C619  _link_byte_sent                    
     0000C61A  _link_next_mode                    
     0000C61B  _save_blob_size                    load_save
     0000C61D  _routine_queue                     music_manager
     0000C621  _routine_queue_head                music_manager
     0000C622  _routine_queue_tail                music_manager
     0000C623  _music_events                      music_manager
     0000C637  _music_current_track_bank          music_manager
     0000C638  _music_mute_mask                   music_manager
     0000C639  _music_effective_mute              music_manager
     0000C63A  _music_next_track                  music_manager
     0000C63C  _music_current_track               music_manager
     0000C63E  _music_play_isr_counter            music_manager
     0000C63F  _music_play_isr_pause              music_manager
     0000C640  _music_global_mute_mask            music_manager
     0000C641  _music_sfx_priority                music_manager
     0000C642  _DMG_palette                       palette
     0000C645  _SprPalette                        palette
     0000C685  _parallax_rows                     parallax
     0000C697  _parallax_row                      parallax
     0000C699  _projectiles                       projectiles
     0000C752  _projectile_defs                   projectiles
     0000C7C5  _projectiles_active_head           projectiles
     0000C7C7  _projectiles_inactive_head         projectiles
     0000C7CE  _scroll_x                          scroll
     0000C7D0  _scroll_y                          scroll
     0000C7D2  _draw_scroll_x                     scroll
     0000C7D4  _draw_scroll_y                     scroll
     0000C7D6  _scroll_x_max                      scroll
     0000C7D8  _scroll_y_max                      scroll
     0000C7DA  _scroll_offset_x                   scroll
     0000C7DB  _scroll_offset_y                   scroll
     0000C7DC  _pending_h_x                       scroll
     0000C7DD  _pending_h_y                       scroll
     0000C7DE  _pending_h_i                       scroll
     0000C7DF  _pending_w_x                       scroll
     0000C7E0  _pending_w_y                       scroll
     0000C7E1  _pending_w_i                       scroll
     0000C7E2  _current_row                       scroll
     0000C7E4  _new_row                           scroll
     0000C7E6  _current_col                       scroll
     0000C7E8  _new_col                           scroll
ASxxxx Linker V03.00/V05.40 + sdld,  page 40.
Hexadecimal  [32-Bits]

Area                                    Addr        Size        Decimal Bytes (Attributes)
--------------------------------        ----        ----        ------- ----- ------------
_DATA                               0000C0A0    00001971 =        6513. bytes (REL,CON)

      Value  Global                              Global Defined In Module
      -----  --------------------------------   ------------------------
     0000C7EA  .image_tile_width                  
     0000C7EB  _sfx_play_bank                     sfx_player
     0000C7EC  _sfx_play_sample                   sfx_player
     0000C7EE  _sfx_frame_skip                    sfx_player
     0000C7EF  _link_operation_mode               sio
     0000C7F0  _link_packet                       sio
     0000C810  _link_packet_len                   sio
     0000C811  _link_packet_ptr                   sio
     0000C813  _link_packet_received              sio
     0000C814  _link_packet_snd_len               sio
     0000C815  _link_packet_snd_ptr               sio
     0000C817  _link_packet_sent                  sio
     0000C818  __is_CGB                           system
     0000C819  __is_SGB                           system
     0000C81A  __current_ram_bank                 system
     0000C81B  _triggers                          trigger
     0000C913  _last_trigger_tx                   trigger
     0000C914  _last_trigger_ty                   trigger
     0000C915  _last_trigger                      trigger
     0000C916  _win_pos_x                         ui
     0000C917  _win_dest_pos_x                    ui
     0000C918  _win_pos_y                         ui
     0000C919  _win_dest_pos_y                    ui
     0000C91A  _win_speed                         ui
     0000C91B  _text_drawn                        ui
     0000C91C  _current_text_speed                ui
     0000C91D  _text_options                      ui
     0000C91E  _text_in_speed                     ui
     0000C91F  _text_out_speed                    ui
     0000C920  _text_draw_speed                   ui
     0000C921  _text_ff_joypad                    ui
     0000C922  _text_ff                           ui
     0000C923  _text_bkg_fill                     ui
     0000C924  _ui_text_data                      ui
     0000CA2E  _vwf_current_mask                  ui
     0000CA2F  _vwf_current_rotate                ui
     0000CA30  _vwf_inverse_map                   ui
     0000CA31  _vwf_direction                     ui
     0000CA32  _vwf_current_font_desc             ui
     0000CA3A  _vwf_current_font_bank             ui
     0000CA3B  _vwf_current_font_idx              ui
     0000CA3C  _text_render_base_addr             ui
     0000CA3E  _text_scroll_addr                  ui
     0000CA40  _text_scroll_width                 ui
     0000CA41  _text_scroll_height                ui
     0000CA42  _text_scroll_fill                  ui
     0000CA43  _text_sound_mask                   ui
     0000CA44  _text_sound_bank                   ui
     0000CA45  _text_sound_data                   ui
     0000CA47  _overlay_priority                  ui
     0000CA48  _text_palette                      ui
ASxxxx Linker V03.00/V05.40 + sdld,  page 41.
Hexadecimal  [32-Bits]

Area                                    Addr        Size        Decimal Bytes (Attributes)
--------------------------------        ----        ----        ------- ----- ------------
_DATA                               0000C0A0    00001971 =        6513. bytes (REL,CON)

      Value  Global                              Global Defined In Module
      -----  --------------------------------   ------------------------
     0000CA4F  __itoa_fmt_len                     vm_ui_a
     0000CA50  .itoa_fmt_buf                      vm_ui_a
     0000CA53  _CTXS                              vm
     0000CB83  _first_ctx                         vm
     0000CB85  _free_ctxs                         vm
     0000CB87  _old_executing_ctx                 vm
     0000CB89  _executing_ctx                     vm
     0000CB8B  _vm_lock_state                     vm
     0000CB8C  _vm_loaded_state                   vm
     0000CB8D  _vm_exception_code                 vm
     0000CB8E  _vm_exception_params_length        vm
     0000CB8F  _vm_exception_params_bank          vm
     0000CB90  _vm_exception_params_offset        vm
     0000CB94  _script_memory                     vm
     0000D99A  _topdown_grid                      topdown
     0000D99B  ___rand_seed                       
     0000D9B9  _hUGE_current_wave                 hUGEDriver_obj
     0000D9B9  hUGE_current_wave                  hUGEDriver_obj
     0000D9BA  _hUGE_mute_mask                    hUGEDriver_obj
     0000DA01  ___call_banked_addr                far_ptr
     0000DA01  ___call_banked_ptr                 far_ptr
     0000DA03  ___call_banked_bank                far_ptr
     0000DA05  .int_0x48                          
     0000DA0D  ___current_metasprite              Metasprites
     0000DA0F  ___current_base_tile               Metasprites
     0000DA10  ___current_base_prop               Metasprites

ASxxxx Linker V03.00/V05.40 + sdld,  page 42.
Hexadecimal  [32-Bits]

Area                                    Addr        Size        Decimal Bytes (Attributes)
--------------------------------        ----        ----        ------- ----- ------------
_INITIALIZED                        0000DA11    00000018 =          24. bytes (REL,CON)

      Value  Global                              Global Defined In Module
      -----  --------------------------------   ------------------------
     0000DA11  _fade_style                        fade_manager
     0000DA12  _game_time                         game_time
     0000DA13  _PRN_PKT_START                     gbprinter
     0000DA21  _hide_sprites                      interrupts
     0000DA22  _show_actors_on_overlay            interrupts
     0000DA23  _overlay_cut_scanline              interrupts
     0000DA24  __submap_tile_offset               
     0000DA25  _triggers_len                      trigger
     0000DA26  _exchange_state                    vm_sio
     0000DA27  ___render_shadow_OAM               Metasprites
     0000DA28  __map_tile_offset                  SetTileMap

ASxxxx Linker V03.00/V05.40 + sdld,  page 43.
Hexadecimal  [32-Bits]

Area                                    Addr        Size        Decimal Bytes (Attributes)
--------------------------------        ----        ----        ------- ----- ------------
_HRAM12                             00000000    00000003 =           3. bytes (ABS,CON)

      Value  Global                              Global Defined In Module
      -----  --------------------------------   ------------------------
     0000FF90  __current_bank                     Runtime
     0000FF92  __shadow_OAM_base                  Runtime

ASxxxx Linker V03.00/V05.40 + sdld,  page 44.
Hexadecimal  [32-Bits]

Area                                    Addr        Size        Decimal Bytes (Attributes)
--------------------------------        ----        ----        ------- ----- ------------
_CODE_2                             00024000    00004000 =       16384. bytes (REL,CON)

      Value  Global                              Global Defined In Module
      -----  --------------------------------   ------------------------
     00024000  ___func_ACTOR                      actor
     00024000  _actors_init                       actor
     0002403A  _emote_offsets                     actor
     00024049  _emote_metasprite                  actor
     00024055  _player_init                       actor
     0002407B  _deactivate_actor                  actor
     000241DC  _activate_actor                    actor
     0002431B  _activate_actors_in_row            actor
     00024412  _activate_actors_in_col            actor
     00024563  _actor_set_frames                  actor
     000245B9  _actor_set_frame_offset            actor
     000245F4  _actor_get_frame_offset            actor
     00024606  _actor_set_anim_idle               actor
     00024634  _actor_set_anim_moving             actor
     00024665  _actor_set_dir                     actor
     000246CA  _actor_at_tile                     actor
     0002479E  _actor_in_front_of_player          actor
     00024852  _actor_overlapping_player          actor
     00024A61  _actor_overlapping_bb              actor
     00024CDF  _actors_handle_player_collision    actor
     00024D6B  _check_collision_in_direction      actor
     00025589  ___func_VM_ACTOR                   vm_actor
     00025589  _vm_actor_move_to                  vm_actor
     00025FCF  _vm_actor_move_cancel              vm_actor
[...]
                                          [ emote_sleep ]
C:/Users/roger/AppData/Local/Temp/_gbsbuild/obj/font_gbs_variable_width.rel
                                          [ font_gbs_variable_width ]
C:/Users/roger/AppData/Local/Temp/_gbsbuild/obj/frame_image.rel
                                          [ frame_image ]
C:/Users/roger/AppData/Local/Temp/_gbsbuild/obj/game_signature.rel
                                          [ game_signature ]
C:/Users/roger/AppData/Local/Temp/_gbsbuild/obj/song_bossoption1_Data.rel
                                          [ song_bossoption1_Data ]
C:/Users/roger/AppData/Local/Temp/_gbsbuild/obj/song_tension_Data.rel
                                          [ song_tension_Data ]
C:/Users/roger/AppData/Local/Temp/_gbsbuild/obj/song_theme_Data.rel
                                          [ song_theme_Data ]
C:/Users/roger/AppData/Local/Temp/_gbsbuild/obj/palette_0.rel
                                          [ palette_0 ]
C:/Users/roger/AppData/Local/Temp/_gbsbuild/obj/palette_1.rel
                                          [ palette_1 ]
C:/Users/roger/AppData/Local/Temp/_gbsbuild/obj/palette_2.rel
                                          [ palette_2 ]
C:/Users/roger/AppData/Local/Temp/_gbsbuild/obj/palette_3.rel
                                          [ palette_3 ]
C:/Users/roger/AppData/Local/Temp/_gbsbuild/obj/palette_4.rel
                                          [ palette_4 ]
C:/Users/roger/AppData/Local/Temp/_gbsbuild/obj/palette_5.rel
                                          [ palette_5 ]
C:/Users/roger/AppData/Local/Temp/_gbsbuild/obj/palette_6.rel
                                          [ palette_6 ]
C:/Users/roger/AppData/Local/Temp/_gbsbuild/obj/scene_1_collisions.rel
                                          [ scene_1_collisions ]
C:/Users/roger/AppData/Local/Temp/_gbsbuild/obj/scene_1_init.rel
                                          [ scene_1_init ]
C:/Users/roger/AppData/Local/Temp/_gbsbuild/obj/scene_1.rel
                                          [ scene_1 ]
C:/Users/roger/AppData/Local/Temp/_gbsbuild/obj/scene_2_actors.rel
                                          [ scene_2_actors ]
C:/Users/roger/AppData/Local/Temp/_gbsbuild/obj/scene_2_collisions.rel
                                          [ scene_2_collisions ]
C:/Users/roger/AppData/Local/Temp/_gbsbuild/obj/scene_2_init.rel
                                          [ scene_2_init ]
C:/Users/roger/AppData/Local/Temp/_gbsbuild/obj/scene_2_sprites.rel
                                          [ scene_2_sprites ]
C:/Users/roger/AppData/Local/Temp/_gbsbuild/obj/scene_2_triggers.rel
                                          [ scene_2_triggers ]
C:/Users/roger/AppData/Local/Temp/_gbsbuild/obj/scene_2.rel
                                          [ scene_2 ]
C:/Users/roger/AppData/Local/Temp/_gbsbuild/obj/scene_3_actors.rel
                                          [ scene_3_actors ]
C:/Users/roger/AppData/Local/Temp/_gbsbuild/obj/scene_3_collisions.rel
                                          [ scene_3_collisions ]
C:/Users/roger/AppData/Local/Temp/_gbsbuild/obj/scene_3_init.rel
                                          [ scene_3_init ]
C:/Users/roger/AppData/Local/Temp/_gbsbuild/obj/scene_3_projectiles.rel
                                          [ scene_3_projectiles ]
C:/Users/roger/AppData/Local/Temp/_gbsbuild/obj/scene_3_sprites.rel
                                          [ scene_3_sprites ]
C:/Users/roger/AppData/Local/Temp/_gbsbuild/obj/scene_3_triggers.rel
                                          [ scene_3_triggers ]
C:/Users/roger/AppData/Local/Temp/_gbsbuild/obj/scene_3.rel
                                          [ scene_3 ]
C:/Users/roger/AppData/Local/Temp/_gbsbuild/obj/scene_4_actors.rel
                                          [ scene_4_actors ]
C:/Users/roger/AppData/Local/Temp/_gbsbuild/obj/scene_4_collisions.rel
                                          [ scene_4_collisions ]
C:/Users/roger/AppData/Local/Temp/_gbsbuild/obj/scene_4_init.rel
                                          [ scene_4_init ]
C:/Users/roger/AppData/Local/Temp/_gbsbuild/obj/scene_4_projectiles.rel
                                          [ scene_4_projectiles ]
C:/Users/roger/AppData/Local/Temp/_gbsbuild/obj/scene_4_sprites.rel
                                          [ scene_4_sprites ]
C:/Users/roger/AppData/Local/Temp/_gbsbuild/obj/scene_4_triggers.rel
                                          [ scene_4_triggers ]
C:/Users/roger/AppData/Local/Temp/_gbsbuild/obj/scene_4.rel
                                          [ scene_4 ]
C:/Users/roger/AppData/Local/Temp/_gbsbuild/obj/scene_5_actors.rel
                                          [ scene_5_actors ]
C:/Users/roger/AppData/Local/Temp/_gbsbuild/obj/scene_5_collisions.rel
                                          [ scene_5_collisions ]
C:/Users/roger/AppData/Local/Temp/_gbsbuild/obj/scene_5_init.rel
                                          [ scene_5_init ]
C:/Users/roger/AppData/Local/Temp/_gbsbuild/obj/scene_5_projectiles.rel
                                          [ scene_5_projectiles ]
C:/Users/roger/AppData/Local/Temp/_gbsbuild/obj/scene_5_sprites.rel
                                          [ scene_5_sprites ]
C:/Users/roger/AppData/Local/Temp/_gbsbuild/obj/scene_5_triggers.rel
                                          [ scene_5_triggers ]
C:/Users/roger/AppData/Local/Temp/_gbsbuild/obj/scene_5.rel
                                          [ scene_5 ]
C:/Users/roger/AppData/Local/Temp/_gbsbuild/obj/scene_6_actors.rel
                                          [ scene_6_actors ]
C:/Users/roger/AppData/Local/Temp/_gbsbuild/obj/scene_6_collisions.rel
                                          [ scene_6_collisions ]
C:/Users/roger/AppData/Local/Temp/_gbsbuild/obj/scene_6_init.rel
                                          [ scene_6_init ]
C:/Users/roger/AppData/Local/Temp/_gbsbuild/obj/scene_6_projectiles.rel
                                          [ scene_6_projectiles ]
C:/Users/roger/AppData/Local/Temp/_gbsbuild/obj/scene_6_sprites.rel
                                          [ scene_6_sprites ]
C:/Users/roger/AppData/Local/Temp/_gbsbuild/obj/scene_6_triggers.rel
                                          [ scene_6_triggers ]
C:/Users/roger/AppData/Local/Temp/_gbsbuild/obj/scene_6.rel
                                          [ scene_6 ]
C:/Users/roger/AppData/Local/Temp/_gbsbuild/obj/scene_7_actors.rel
                                          [ scene_7_actors ]
C:/Users/roger/AppData/Local/Temp/_gbsbuild/obj/scene_7_collisions.rel
                                          [ scene_7_collisions ]
C:/Users/roger/AppData/Local/Temp/_gbsbuild/obj/scene_7_init.rel
                                          [ scene_7_init ]
C:/Users/roger/AppData/Local/Temp/_gbsbuild/obj/scene_7_projectiles.rel
                                          [ scene_7_projectiles ]
C:/Users/roger/AppData/Local/Temp/_gbsbuild/obj/scene_7_sprites.rel
                                          [ scene_7_sprites ]
C:/Users/roger/AppData/Local/Temp/_gbsbuild/obj/scene_7_triggers.rel
                                          [ scene_7_triggers ]
C:/Users/roger/AppData/Local/Temp/_gbsbuild/obj/scene_7.rel
                                          [ scene_7 ]
C:/Users/roger/AppData/Local/Temp/_gbsbuild/obj/scene_8_actors.rel
                                          [ scene_8_actors ]
C:/Users/roger/AppData/Local/Temp/_gbsbuild/obj/scene_8_collisions.rel
                                          [ scene_8_collisions ]
C:/Users/roger/AppData/Local/Temp/_gbsbuild/obj/scene_8_init.rel
                                          [ scene_8_init ]
C:/Users/roger/AppData/Local/Temp/_gbsbuild/obj/scene_8_projectiles.rel
                                          [ scene_8_projectiles ]
C:/Users/roger/AppData/Local/Temp/_gbsbuild/obj/scene_8_sprites.rel
                                          [ scene_8_sprites ]
C:/Users/roger/AppData/Local/Temp/_gbsbuild/obj/scene_8_triggers.rel
                                          [ scene_8_triggers ]
C:/Users/roger/AppData/Local/Temp/_gbsbuild/obj/scene_8.rel
                                          [ scene_8 ]
C:/Users/roger/AppData/Local/Temp/_gbsbuild/obj/script_1_0.rel
                                          [ script_1_0 ]
C:/Users/roger/AppData/Local/Temp/_gbsbuild/obj/script_1.rel
                                          [ script_1 ]
C:/Users/roger/AppData/Local/Temp/_gbsbuild/obj/script_2_0.rel
                                          [ script_2_0 ]
C:/Users/roger/AppData/Local/Temp/_gbsbuild/obj/script_2.rel
                                          [ script_2 ]
C:/Users/roger/AppData/Local/Temp/_gbsbuild/obj/script_3.rel
                                          [ script_3 ]
C:/Users/roger/AppData/Local/Temp/_gbsbuild/obj/script_4.rel
                                          [ script_4 ]
C:/Users/roger/AppData/Local/Temp/_gbsbuild/obj/script_5.rel
                                          [ script_5 ]
C:/Users/roger/AppData/Local/Temp/_gbsbuild/obj/script_6.rel
                                          [ script_6 ]
C:/Users/roger/AppData/Local/Temp/_gbsbuild/obj/script_9.rel
                                          [ script_9 ]
C:/Users/roger/AppData/Local/Temp/_gbsbuild/obj/script_engine_init.rel
                                          [  ]
C:/Users/roger/AppData/Local/Temp/_gbsbuild/obj/script_input_0.rel
                                          [ script_input_0 ]
C:/Users/roger/AppData/Local/Temp/_gbsbuild/obj/script_input_1.rel
                                          [ script_input_1 ]
C:/Users/roger/AppData/Local/Temp/_gbsbuild/obj/script_input_2.rel
                                          [ script_input_2 ]
C:/Users/roger/AppData/Local/Temp/_gbsbuild/obj/script_input_3.rel
                                          [ script_input_3 ]
C:/Users/roger/AppData/Local/Temp/_gbsbuild/obj/script_input.rel
                                          [ script_input ]
C:/Users/roger/AppData/Local/Temp/_gbsbuild/obj/script_timer_0.rel
                                          [ script_timer_0 ]
C:/Users/roger/AppData/Local/Temp/_gbsbuild/obj/script_timer_1.rel
                                          [ script_timer_1 ]
C:/Users/roger/AppData/Local/Temp/_gbsbuild/obj/script_timer_2.rel
                                          [ script_timer_2 ]
C:/Users/roger/AppData/Local/Temp/_gbsbuild/obj/script_timer.rel
                                          [ script_timer ]
C:/Users/roger/AppData/Local/Temp/_gbsbuild/obj/sprite_actor_animated_tileset.rel
                                          [ sprite_actor_animated_tileset ]
C:/Users/roger/AppData/Local/Temp/_gbsbuild/obj/sprite_actor_animated.rel
                                          [ sprite_actor_animated ]
C:/Users/roger/AppData/Local/Temp/_gbsbuild/obj/sprite_bills_tileset.rel
                                          [ sprite_bills_tileset ]
C:/Users/roger/AppData/Local/Temp/_gbsbuild/obj/sprite_bills.rel
                                          [ sprite_bills ]
C:/Users/roger/AppData/Local/Temp/_gbsbuild/obj/sprite_crystal_tileset.rel
                                          [ sprite_crystal_tileset ]
C:/Users/roger/AppData/Local/Temp/_gbsbuild/obj/sprite_crystal.rel
                                          [ sprite_crystal ]
C:/Users/roger/AppData/Local/Temp/_gbsbuild/obj/sprite_cursor2_tileset.rel
                                          [ sprite_cursor2_tileset ]
C:/Users/roger/AppData/Local/Temp/_gbsbuild/obj/sprite_cursor2.rel
                                          [ sprite_cursor2 ]
C:/Users/roger/AppData/Local/Temp/_gbsbuild/obj/sprite_girl_tileset.rel
                                          [ sprite_girl_tileset ]
C:/Users/roger/AppData/Local/Temp/_gbsbuild/obj/sprite_girl.rel
                                          [ sprite_girl ]
C:/Users/roger/AppData/Local/Temp/_gbsbuild/obj/sprite_heart_empty_tileset.rel
                                          [ sprite_heart_empty_tileset ]
C:/Users/roger/AppData/Local/Temp/_gbsbuild/obj/sprite_heart_empty.rel
                                          [ sprite_heart_empty ]
C:/Users/roger/AppData/Local/Temp/_gbsbuild/obj/sprite_heart_full_tileset.rel
                                          [ sprite_heart_full_tileset ]
C:/Users/roger/AppData/Local/Temp/_gbsbuild/obj/sprite_heart_full.rel
                                          [ sprite_heart_full ]
C:/Users/roger/AppData/Local/Temp/_gbsbuild/obj/sprite_hero_tileset.rel
                                          [ sprite_hero_tileset ]
C:/Users/roger/AppData/Local/Temp/_gbsbuild/obj/sprite_hero.rel
                                          [ sprite_hero ]
C:/Users/roger/AppData/Local/Temp/_gbsbuild/obj/sprite_melatonina_tileset.rel
                                          [ sprite_melatonina_tileset ]
C:/Users/roger/AppData/Local/Temp/_gbsbuild/obj/sprite_melatonina.rel
                                          [ sprite_melatonina ]
C:/Users/roger/AppData/Local/Temp/_gbsbuild/obj/sprite_plant_pot_tileset.rel
                                          [ sprite_plant_pot_tileset ]
C:/Users/roger/AppData/Local/Temp/_gbsbuild/obj/sprite_plant_pot.rel
                                          [ sprite_plant_pot ]
C:/Users/roger/AppData/Local/Temp/_gbsbuild/obj/sprite_sprites_personagem_t_tileset.rel
                                          [ sprite_sprites_personagem_t_tile ]
C:/Users/roger/AppData/Local/Temp/_gbsbuild/obj/sprite_sprites_personagem_t.rel
                                          [ sprite_sprites_personagem_t ]
C:/Users/roger/AppData/Local/Temp/_gbsbuild/obj/sprite_transparent.rel
                                          [ sprite_transparent ]
C:/Users/roger/AppData/Local/Temp/_gbsbuild/obj/spritesheet_none.rel
                                          [ spritesheet_none ]
C:/Users/roger/AppData/Local/Temp/_gbsbuild/obj/tileset_default_frame.rel
                                          [ tileset_default_frame ]
C:/Users/roger/AppData/Local/Temp/_gbsbuild/obj/trigger_0_interact.rel
                                          [ trigger_0_interact ]
C:/Users/roger/AppData/Local/Temp/_gbsbuild/obj/trigger_1_interact.rel
                                          [ trigger_1_interact ]
C:/Users/roger/AppData/Local/Temp/_gbsbuild/obj/trigger_10_interact.rel
                                          [ trigger_10_interact ]
C:/Users/roger/AppData/Local/Temp/_gbsbuild/obj/trigger_11_interact.rel
                                          [ trigger_11_interact ]
C:/Users/roger/AppData/Local/Temp/_gbsbuild/obj/trigger_2_interact.rel
                                          [ trigger_2_interact ]
C:/Users/roger/AppData/Local/Temp/_gbsbuild/obj/trigger_3_interact.rel
                                          [ trigger_3_interact ]
C:/Users/roger/AppData/Local/Temp/_gbsbuild/obj/trigger_4_interact.rel
                                          [ trigger_4_interact ]
C:/Users/roger/AppData/Local/Temp/_gbsbuild/obj/trigger_5_interact.rel
                                          [ trigger_5_interact ]
C:/Users/roger/AppData/Local/Temp/_gbsbuild/obj/trigger_6_interact.rel
                                          [ trigger_6_interact ]
C:/Users/roger/AppData/Local/Temp/_gbsbuild/obj/trigger_7_interact.rel
                                          [ trigger_7_interact ]
C:/Users/roger/AppData/Local/Temp/_gbsbuild/obj/trigger_8_interact.rel
                                          [ trigger_8_interact ]
C:/Users/roger/AppData/Local/Temp/_gbsbuild/obj/trigger_9_interact.rel
                                          [ trigger_9_interact ]
C:/Users/roger/AppData/Local/Temp/_gbsbuild/obj/main.rel
                                          [ main ]
C:/Users/roger/AppData/Local/Temp/_gbsbuild/obj/logo.rel
                                          [ logo ]
C:/Users/roger/AppData/Local/Temp/_gbsbuild/obj/states_ptrs.rel
                                          [  ]
C:/Users/roger/AppData/Local/Temp/_gbsbuild/obj/topdown.rel
                                          [ topdown ]


Libraries Linked                          [ object file ]

C:\Users\roger\AppData\Local\Temp/_gbstools/gbdk/lib/gb/gb.lib
                                          [ fill_rect_wi.o ]
C:\Users\roger\AppData\Local\Temp/_gbstools/gbdk/lib/sm83/sm83.lib
                                          [ rand.o ]
lib/hUGEDriver.lib                        [ hUGEDriver.o ]
C:\Users\roger\AppData\Local\Temp/_gbstools/gbdk/lib/gb/gb.lib
                                          [ sfr.o ]
C:\Users\roger\AppData\Local\Temp/_gbstools/gbdk/lib/gb/gb.lib
                                          [ get_data.o ]
C:\Users\roger\AppData\Local\Temp/_gbstools/gbdk/lib/gb/gb.lib
                                          [ get_tile.o ]
C:\Users\roger\AppData\Local\Temp/_gbstools/gbdk/lib/gb/gb.lib
                                          [ cgb_palettes.o ]
C:\Users\roger\AppData\Local\Temp/_gbstools/gbdk/lib/gb/gb.lib
                                          [ metasprites_hide_spr.o ]
C:\Users\roger\AppData\Local\Temp/_gbstools/gbdk/lib/sm83/sm83.lib
                                          [ mul.o ]
C:\Users\roger\AppData\Local\Temp/_gbstools/gbdk/lib/gb/gb.lib
                                          [ set_tile.o ]
C:\Users\roger\AppData\Local\Temp/_gbstools/gbdk/lib/sm83/sm83.lib
                                          [ abs.o ]
C:\Users\roger\AppData\Local\Temp/_gbstools/gbdk/lib/gb/gb.lib
                                          [ set_wi_t.o ]
C:\Users\roger\AppData\Local\Temp/_gbstools/gbdk/lib/gb/gb.lib
                                          [ set_data.o ]
C:\Users\roger\AppData\Local\Temp/_gbstools/gbdk/lib/sm83/sm83.lib
                                          [ reverse.o ]
C:\Users\roger\AppData\Local\Temp/_gbstools/gbdk/lib/gb/gb.lib
                                          [ far_ptr.o ]
C:\Users\roger\AppData\Local\Temp/_gbstools/gbdk/lib/gb/gb.lib
                                          [ sgb.o ]
C:\Users\roger\AppData\Local\Temp/_gbstools/gbdk/lib/gb/gb.lib
                                          [ lcd.o ]
C:\Users\roger\AppData\Local\Temp/_gbstools/gbdk/lib/gb/gb.lib
                                          [ fill_rect.o ]
C:\Users\roger\AppData\Local\Temp/_gbstools/gbdk/lib/gb/gb.lib
                                          [ cpy_data.o ]
C:\Users\roger\AppData\Local\Temp/_gbstools/gbdk/lib/gb/gb.lib
                                          [ fill_rect_bk.o ]
C:\Users\roger\AppData\Local\Temp/_gbstools/gbdk/lib/gb/gb.lib
                                          [ pad.o ]
C:\Users\roger\AppData\Local\Temp/_gbstools/gbdk/lib/gb/gb.lib
                                          [ metasprites.o ]
C:\Users\roger\AppData\Local\Temp/_gbstools/gbdk/lib/sm83/sm83.lib
                                          [ __sdcc_call_hl.o ]
C:\Users\roger\AppData\Local\Temp/_gbstools/gbdk/lib/sm83/sm83.lib
                                          [ memcpy.o ]
C:\Users\roger\AppData\Local\Temp/_gbstools/gbdk/lib/sm83/sm83.lib
                                          [ _memset.o ]
C:\Users\roger\AppData\Local\Temp/_gbstools/gbdk/lib/gb/gb.lib
                                          [ set_xy_t.o ]
C:\Users\roger\AppData\Local\Temp/_gbstools/gbdk/lib/gb/gb.lib
                                          [ ___sdcc_bcall_ehl.o ]
C:\Users\roger\AppData\Local\Temp/_gbstools/gbdk/lib/gb/gb.lib
                                          [ cgb.o ]
C:\Users\roger\AppData\Local\Temp/_gbstools/gbdk/lib/sm83/sm83.lib
                                          [ div.o ]
C:\Users\roger\AppData\Local\Temp/_gbstools/gbdk/lib/gb/gb.lib
                                          [ set_bk_t.o ]

ASxxxx Linker V03.00/V05.40 + sdld,  page 75.

User Base Address Definitions

_DATA=0xC0A0
_CODE=0x0200
ASxxxx Linker V03.00/V05.40 + sdld,  page 76.

User Global Definitions

.STACK=0xDF00
_shadow_OAM=0xC000
.refresh_OAM=0xFF80
__start_save=4

